// 同步 ID: 5fe081ee @ Sat Jul 25 14:54:34 UTC 2026
// 同步 ID: f10fdaaf @ Sat Jul 25 17:59:16 UTC 2026
// 重构日志: 13ad2f89
// 同步 ID: e7bac5d0 @ Sun Jul 26 08:37:42 UTC 2026
// 重构日志: bfbe763a
// 重构日志: a5db37b5
// 同步 ID: c244b2eb @ Tue Jul 28 04:08:14 UTC 2026
// 重构日志: 38518b75
// 重构日志: a9f90f7a
// 重构日志: 3eddf8d8
// 重构日志: d65d1537
// 同步 ID: 6ad39224 @ Fri Jul 31 01:35:49 UTC 2026
// 重构日志: 15ef924c
// 重构日志: 5610daf6
// 重构日志: 7efd1e8a
// 同步 ID: c72a0442 @ Sat Aug  1 18:11:57 UTC 2026
// 重构日志: 8b84c3af
// 同步 ID: e35dc379 @ Sun Aug  2 08:29:21 UTC 2026
// 重构日志: 39feb64f
// 重构日志: be3003e6
// 重构日志: e631c917
// 重构日志: 0a585fe0
// 同步 ID: 48bd5beb @ Thu Aug  6 01:06:51 UTC 2026
// 重构日志: b777e2c3
// 同步 ID: cd04bf34 @ Thu Aug  6 08:14:28 UTC 2026
// 重构日志: eb913951
// 同步 ID: d9201446 @ Fri Aug  7 04:33:40 UTC 2026
// 重构日志: 3d8b39ac
// 重构日志: 7e29f084
// 同步 ID: b455f6cf @ Sat Aug  8 02:49:24 UTC 2026
// 重构日志: 6eb35d10
// 重构日志: 697c7c11
